This is pdfTeX, Version 3.141592653-2.6-1.40.29 (TeX Live 2026) (preloaded format=pdflatex 2026.6.2)  29 JUN 2026 22:42
entering extended mode
 restricted \write18 enabled.
 file:line:error style messages enabled.
 %&-line parsing enabled.
**/Users/dylan/Documents/lightweight-medical-model/report/build/final_report/main.tex
(/Users/dylan/Documents/lightweight-medical-model/report/build/final_report/main.tex
LaTeX2e <2026-06-01>
L3 programming layer <2026-05-26>
(/Users/dylan/Library/TinyTeX/texmf-dist/tex/latex/base/report.cls
Document Class: report 2025/01/22 v1.4n Standard LaTeX document class
(/Users/dylan/Library/TinyTeX/texmf-dist/tex/latex/base/size12.clo
File: size12.clo 2025/01/22 v1.4n Standard LaTeX file (size option)
)
\c@part=\count276
\c@chapter=\count277
\c@section=\count278
\c@subsection=\count279
\c@subsubsection=\count280
\c@paragraph=\count281
\c@subparagraph=\count282
\c@figure=\count283
\c@table=\count284
\abovecaptionskip=\skip49
\belowcaptionskip=\skip50
\bibindent=\dimen150
) (/Users/dylan/Library/TinyTeX/texmf-dist/tex/latex/fontspec/fontspec.sty (/Users/dylan/Library/TinyTeX/texmf-dist/tex/latex/l3packages/xparse/xparse.sty (/Users/dylan/Library/TinyTeX/texmf-dist/tex/latex/l3kernel/expl3.sty
Package: expl3 2026-05-26 L3 programming layer (loader) 
 (/Users/dylan/Library/TinyTeX/texmf-dist/tex/latex/l3backend/l3backend-pdftex.def
File: l3backend-pdftex.def 2026-02-18 L3 backend support: PDF output (pdfTeX)
\l__color_backend_stack_int=\count285
))
Package: xparse 2025-10-09 L3 Experimental document command parser
)
Package: fontspec 2025/09/29 v2.9g Font selection for XeLaTeX and LuaLaTeX


/Users/dylan/Library/TinyTeX/texmf-dist/tex/latex/fontspec/fontspec.sty:101: Fatal Package fontspec Error: The fontspec package requires either XeTeX or
(fontspec)                      LuaTeX.
(fontspec)                      
(fontspec)                      You must change your typesetting engine to,
(fontspec)                      e.g., "xelatex" or "lualatex" instead of
(fontspec)                      "latex" or "pdflatex".

Type <return> to continue.
 ...                                              
                                                  
l.101 \msg_fatal:nn {fontspec} {cannot-use-pdftex}
                                                  

LaTeX does not know anything more about this error, sorry.

Try typing <return> to proceed.
If that doesn't work, type X <return> to quit.

This is a fatal error: LaTeX will abort.



/Users/dylan/Library/TinyTeX/texmf-dist/tex/latex/fontspec/fontspec.sty:101: Emergency stop.
<read *> 
         
l.101 \msg_fatal:nn {fontspec} {cannot-use-pdftex}
                                                  
*** (cannot \read from terminal in nonstop modes)

 
Here is how much of TeX's memory you used:
 570 strings out of 469157
 12030 string characters out of 5459586
 435362 words of memory out of 5000000
 29652 multiletter control sequences out of 15000+600000
 628019 words of font info for 41 fonts, out of 8000000 for 9000
 14 hyphenation exceptions out of 8191
 73i,0n,77p,375b,42s stack positions out of 10000i,1000n,20000p,200000b,200000s
/Users/dylan/Library/TinyTeX/texmf-dist/tex/latex/fontspec/fontspec.sty:101:  ==> Fatal error occurred, no output PDF file produced!
