\BOOKMARK [1][-]{section.1}{\376\377\000B\000\340\000i\000\040\000t\000o\000\341\000n\000\040\000n\000g\000h\000i\000\352\000n\000\040\000c\036\351\000u}{}% 1
\BOOKMARK [2][-]{subsection.1.1}{\376\377\000B\000\340\000i\000\040\000t\000o\000\341\000n\000\040\000h\000i\036\307\000n\000\040\000t\036\241\000i}{section.1}% 2
\BOOKMARK [2][-]{subsection.1.2}{\376\377\000D\036\357\000\040\000l\000i\036\307\000u\000\040\000v\000\340\000\040\000\375\000\040\000n\000g\000h\001\051\000a\000\040\000h\000a\000i\000\040\000n\000h\000\341\000n\000h\000\040\000h\036\315\000c}{section.1}% 3
\BOOKMARK [2][-]{subsection.1.3}{\376\377\000L\000\375\000\040\000d\000o\000\040\001\021\000i\036\301\000u\000\040\000c\000h\036\311\000n\000h\000\040\000t\036\353\000\040\000p\000r\000o\000p\000o\000s\000a\000l\000\040\000b\000a\000n\000\040\001\021\036\247\000u}{section.1}% 4
\BOOKMARK [2][-]{subsection.1.4}{\376\377\000M\036\345\000c\000\040\000t\000i\000\352\000u\000\040\000n\000g\000h\000i\000\352\000n\000\040\000c\036\351\000u}{section.1}% 5
\BOOKMARK [1][-]{section.2}{\376\377\000C\000\341\000c\000\040\000c\000\364\000n\000g\000\040\000t\000r\000\354\000n\000h\000\040\000l\000i\000\352\000n\000\040\000q\000u\000a\000n}{}% 6
\BOOKMARK [2][-]{subsection.2.1}{\376\377\000N\000g\000u\036\323\000n\000\040\000g\036\321\000c\000\040\000t\036\353\000\040\000d\000a\000t\000a\000\040\000a\000u\000g\000m\000e\000n\000t\000a\000t\000i\000o\000n}{section.2}% 7
\BOOKMARK [2][-]{subsection.2.2}{\376\377\000M\000e\000d\000N\000e\000t\000\040\000c\000h\000o\000\040\000c\000l\000a\000s\000s\000i\000f\000i\000c\000a\000t\000i\000o\000n\000\040\000n\000h\036\271}{section.2}% 8
\BOOKMARK [2][-]{subsection.2.3}{\376\377\000C\000B\000A\000M\000-\000R\000I\000U\000N\000e\000t\000\040\000v\000\340\000\040\000M\000K\000-\000U\000N\000e\000t\000\040\000c\000h\000o\000\040\000s\000e\000g\000m\000e\000n\000t\000a\000t\000i\000o\000n}{section.2}% 9
\BOOKMARK [2][-]{subsection.2.4}{\376\377\000C\000\341\000c\000\040\000n\000g\000u\000y\000\352\000n\000\040\000l\000\375\000\040\000k\036\371\000\040\000t\000h\000u\036\255\000t\000\040\000r\000\372\000t\000\040\000r\000a\000\040\000t\036\353\000\040\000c\000\341\000c\000\040\000c\000\364\000n\000g\000\040\000t\000r\000\354\000n\000h\000\040\000l\000i\000\352\000n\000\040\000q\000u\000a\000n}{section.2}% 10
\BOOKMARK [2][-]{subsection.2.5}{\376\377\000K\000h\000o\036\243\000n\000g\000\040\000t\000r\036\321\000n\000g\000\040\000d\036\253\000n\000\040\001\021\036\277\000n\000\040\000b\000\340\000i\000\040\000t\000o\000\341\000n\000\040\000h\000i\036\307\000n\000\040\000t\036\241\000i}{section.2}% 11
\BOOKMARK [1][-]{section.3}{\376\377\000P\000h\001\260\001\241\000n\000g\000\040\000p\000h\000\341\000p}{}% 12
\BOOKMARK [2][-]{subsection.3.1}{\376\377\000T\036\325\000n\000g\000\040\000q\000u\000a\000n\000\040\000p\000i\000p\000e\000l\000i\000n\000e}{section.3}% 13
\BOOKMARK [2][-]{subsection.3.2}{\376\377\000M\000o\000d\000e\000l\000\040\000c\000o\000n\000s\000t\000r\000u\000c\000t\000i\000o\000n}{section.3}% 14
\BOOKMARK [2][-]{subsection.3.3}{\376\377\000C\000\341\000c\000\040\000b\000i\036\277\000n\000\040\000t\000h\036\303\000\040\000m\000o\000d\000e\000l}{section.3}% 15
\BOOKMARK [2][-]{subsection.3.4}{\376\377\000C\036\243\000i\000\040\000t\000h\000i\036\307\000n\000\040\000s\000o\000\040\000v\036\333\000i\000\040\000c\000\341\000c\000\040\000c\000\364\000n\000g\000\040\000t\000r\000\354\000n\000h\000\040\000n\036\301\000n}{section.3}% 16
\BOOKMARK [2][-]{subsection.3.5}{\376\377\000W\000o\000r\000k\000f\000l\000o\000w\000\040\000t\000r\000a\000i\000n}{section.3}% 17
\BOOKMARK [2][-]{subsection.3.6}{\376\377\000W\000o\000r\000k\000f\000l\000o\000w\000\040\000t\000e\000s\000t}{section.3}% 18
\BOOKMARK [1][-]{section.4}{\376\377\000T\000h\036\361\000c\000\040\000n\000g\000h\000i\036\307\000m}{}% 19
\BOOKMARK [2][-]{subsection.4.1}{\376\377\000P\000h\036\241\000m\000\040\000v\000i\000\040\000t\000h\036\361\000c\000\040\000n\000g\000h\000i\036\307\000m}{section.4}% 20
\BOOKMARK [2][-]{subsection.4.2}{\376\377\000T\000h\000i\036\277\000t\000\040\000l\036\255\000p\000\040\000t\000r\000a\000i\000n\000/\000t\000e\000s\000t}{section.4}% 21
\BOOKMARK [2][-]{subsection.4.3}{\376\377\000T\000h\000i\036\277\000t\000\040\000l\036\255\000p\000\040\000m\000o\000d\000e\000l}{section.4}% 22
\BOOKMARK [2][-]{subsection.4.4}{\376\377\036\242\000n\000h\000\040\000t\000r\036\361\000c\000\040\000q\000u\000a\000n\000\040\000t\000r\000o\000n\000g\000\040\000t\000h\036\361\000c\000\040\000n\000g\000h\000i\036\307\000m}{section.4}% 23
\BOOKMARK [1][-]{section.5}{\376\377\000K\036\277\000t\000\040\000q\000u\036\243}{}% 24
\BOOKMARK [2][-]{subsection.5.1}{\376\377\000M\036\321\000c\000\040\000s\000o\000\040\000s\000\341\000n\000h\000\040\000c\000l\000a\000s\000s\000i\000f\000i\000c\000a\000t\000i\000o\000n\000-\000o\000n\000l\000y}{section.5}% 25
\BOOKMARK [2][-]{subsection.5.2}{\376\377\000K\036\277\000t\000\040\000q\000u\036\243\000\040\000m\000u\000l\000t\000i\000-\000t\000a\000s\000k\000\040\000c\036\347\000a\000\040\000r\000e\000p\000o}{section.5}% 26
\BOOKMARK [2][-]{subsection.5.3}{\376\377\000K\036\277\000t\000\040\000q\000u\036\243\000\040\000b\000a\000s\000e\000l\000i\000n\000e\000\040\000s\000e\000g\000m\000e\000n\000t\000a\000t\000i\000o\000n\000\040\000t\000h\000a\000m\000\040\000c\000h\000i\036\277\000u}{section.5}% 27
\BOOKMARK [2][-]{subsection.5.4}{\376\377\000T\000i\036\277\000n\000\040\001\021\036\331\000\040\000h\000i\036\307\000n\000\040\000t\036\241\000i\000\040\000v\000\340\000\040\000c\036\243\000i\000\040\000t\000i\036\277\000n\000\040\000d\036\361\000\040\000k\000i\036\277\000n}{section.5}% 28
